init: 11111111111111111111111111111111
-031: 01111111111111111111111111111111
-000: 01111111111111111111111111111110
-030: 00111111111111111111111111111110
-001: 00111111111111111111111111111100
