init: 111111111111111111111111111111111111111111111111111111111111
-004: 111111111111111111111111111111111111111111111111111111101111
-055: 111101111111111111111111111111111111111111111111111111101111
-050: 111101111011111111111111111111111111111111111111111111101111
-009: 111101111011111111111111111111111111111111111111110111101111
-045: 111101111011110111111111111111111111111111111111110111101111
-014: 111101111011110111111111111111111111111111111011110111101111
-040: 111101111011110111101111111111111111111111111011110111101111
-019: 111101111011110111101111111111111111111101111011110111101111
-035: 111101111011110111101111011111111111111101111011110111101111
-024: 111101111011110111101111011111111110111101111011110111101111
-030: 111101111011110111101111011110111110111101111011110111101111
