init: 11111111
-000: 11111110
+000: 11111111
-001: 11111101
+001: 11111111
-002: 11111011
+002: 11111111
