CV = < (1,0) (2,0) (1,1) (2,1) >
query> q[1] = 11100101 11000111 10110001 00101000
q[2] = 00100101 11001000 11110001 10110001
Pages: 2
query> q[1] = 11100101 11000111 10110001 00101000
q[2] = ??
Pages: 0 2 8 10
query> q[1] = ??
q[2] = 00100101 11001000 11110001 10110001
Pages: 2 3 6 7
query> 
