CV = < (1,0) (1,1) (1,2) (2,0) (2,1) (2,2) >
query> q[1] = 00101111 11100001 00011010 01110001
q[2] = 11101011 01100101 01010001 10111010
q[3] = 01101100 01000111 11011011 00100111
q[4] = 00110110 00001101 11011001 10101111
q[5] = 01111010 00000000 10101001 00001100
Pages: 17
query> q[1] = 00101111 11100001 00011010 01110001
q[2] = 11101011 01100101 01010001 10111010
q[3] = ??
q[4] = ??
q[5] = ??
Pages: 17
query> q[1] = ??
q[2] = 11101011 01100101 01010001 10111010
q[3] = 01101100 01000111 11011011 00100111
q[4] = 00110110 00001101 11011001 10101111
q[5] = 01111010 00000000 10101001 00001100
Pages: 16 17 18 19 20 21 22 23
query> q[1] = 00101111 11100001 00011010 01110001
q[2] = ??
q[3] = 01101100 01000111 11011011 00100111
q[4] = 00110110 00001101 11011001 10101111
q[5] = 01111010 00000000 10101001 00001100
Pages: 1 9 17 25 33 41 49 57
query> 
