CV = < (1,0) (2,0) (3,0) >
query> q[1] = 00101111 11100001 00011010 01110001
q[2] = 11101011 01100101 01010001 10111010
q[3] = 01101100 01000111 11011011 00100111
Pages: 5
query> q[1] = 00101111 11100001 00011010 01110001
q[2] = 11101011 01100101 01010001 10111010
q[3] = ??
Pages: 1 5
query> q[1] = 00101111 11100001 00011010 01110001
q[2] = ??
q[3] = 01101100 01000111 11011011 00100111
Pages: 5 7
query> q[1] = ??
q[2] = 11101011 01100101 01010001 10111010
q[3] = 01101100 01000111 11011011 00100111
Pages: 4 5
query> q[1] = 00101111 11100001 00011010 01110001
q[2] = ??
q[3] = ??
Pages: 1 3 5 7
query> q[1] = ??
q[2] = 11101011 01100101 01010001 10111010
q[3] = ??
Pages: 0 1 4 5
query> q[1] = ??
q[2] = ??
q[3] = 01101100 01000111 11011011 00100111
Pages: 4 5 6 7
query> 
